
csjs`

  .foo {
    -webkit-transform: ${ foo };
        -ms-transform: ${ foo };
            transform: ${ foo }
  }

`;
